// Vitest Snapshot v1, https://vitest.dev/guide/snapshot.html

exports[`course structure > lesson ids map to the same words as when progress was first saved (a data edit must not shift them) 1`] = `
{
  "n3-v-1": [
    "w:と",
    "w:者",
    "w:より",
    "w:出",
    "w:分",
    "w:円",
  ],
  "n3-v-300": [
    "w:拭く",
    "w:繋げる",
    "w:チャイム",
    "w:所為",
    "w:温める",
    "w:行儀",
  ],
  "n4-v-1": [
    "w:日",
    "w:月",
    "w:気",
    "w:事",
    "w:思う",
    "w:必要",
  ],
  "n4-v-100": [
    "w:落す",
    "w:点く",
    "w:召し上がる",
    "w:再来月",
    "w:連れる",
    "w:運転手",
  ],
  "n5-v-1": [
    "w:ない",
    "w:この",
    "w:そう",
    "w:これ",
    "w:じゃ",
    "w:年",
  ],
  "n5-v-50": [
    "w:辺",
    "w:財布",
    "w:置く",
    "w:男の子",
    "w:地図",
    "w:乗る",
  ],
}
`;

exports[`course structure > lesson ids map to the same words as when progress was first saved (a data edit must not shift them) 2`] = `"dd1444463f5f39676125c27cc59c0046604f8d0b54fb778fb6c5302e770ade10"`;
