// Vitest Snapshot v1, https://vitest.dev/guide/snapshot.html

exports[`course structure > lesson ids map to the same words as when progress was first saved (a data edit must not shift them) 1`] = `
{
  "n3-v-1": [
    "w:と",
    "w:者",
    "w:日本",
    "w:より",
    "w:出",
    "w:分",
  ],
  "n3-v-300": [
    "w:載る",
    "w:かゆい",
    "w:享受",
    "w:黙る",
    "w:冷やす",
    "w:拭く",
  ],
  "n4-v-1": [
    "w:日",
    "w:月",
    "w:気",
    "w:事",
    "w:思う",
    "w:必要",
  ],
  "n4-v-100": [
    "w:点く",
    "w:召し上がる",
    "w:再来月",
    "w:連れる",
    "w:運転手",
    "w:非常に",
  ],
  "n5-v-1": [
    "w:ない",
    "w:この",
    "w:そう",
    "w:これ",
    "w:じゃ",
    "w:年",
  ],
  "n5-v-50": [
    "w:重い",
    "w:黒い",
    "w:住む",
    "w:図書館",
    "w:レストラン",
    "w:開く",
  ],
}
`;

exports[`course structure > lesson ids map to the same words as when progress was first saved (a data edit must not shift them) 2`] = `"8fd148461d9637c2e8f5eb37e0089b9ea5e081701be5b04f4a80ceeced6184a9"`;
